---
source: tui/src/bottom_pane/footer.rs
expression: terminal.backend()
---
"⏎ send   ⇧⏎ newline   ⌃T transcript   ⌃C quit   Esc edit prev   4.20K tokens use"
"                                                                                "
"                                                                                "
