---
source: tui/src/bottom_pane/queued_user_messages.rs
expression: "format!(\"{buf:?}\")"
---
Buffer {
    area: Rect { x: 0, y: 0, width: 40, height: 5 },
    content: [
        "  ↳ This is                             ",
        "    a message                           ",
        "    with many                           ",
        "    …                                   ",
        "    ⌥ + ↑ edit                          ",
    ],
    styles: [
        x: 0, y: 0, fg: Reset, bg: Reset, underline: Reset, modifier: DIM,
        x: 4, y: 0, fg: Reset, bg: Reset, underline: Reset, modifier: DIM | ITALIC,
        x: 11, y: 0, fg: Reset, bg: Reset, underline: Reset, modifier: NONE,
        x: 4, y: 1, fg: Reset, bg: Reset, underline: Reset, modifier: DIM | ITALIC,
        x: 13, y: 1, fg: Reset, bg: Reset, underline: Reset, modifier: NONE,
        x: 4, y: 2, fg: Reset, bg: Reset, underline: Reset, modifier: DIM | ITALIC,
        x: 13, y: 2, fg: Reset, bg: Reset, underline: Reset, modifier: NONE,
        x: 0, y: 3, fg: Reset, bg: Reset, underline: Reset, modifier: DIM | ITALIC,
        x: 5, y: 3, fg: Reset, bg: Reset, underline: Reset, modifier: NONE,
        x: 0, y: 4, fg: Reset, bg: Reset, underline: Reset, modifier: DIM,
        x: 14, y: 4, fg: Reset, bg: Reset, underline: Reset, modifier: NONE,
    ]
}
