---
source: tui/src/bottom_pane/footer.rs
expression: terminal.backend()
---
" âŒƒC again to interrupt                                                          "
"                                                                                "
"                                                                                "
