---
source: tui/src/chatwidget/tests.rs
expression: visual
---
[magenta]/limits[/]

[bold]Rate limit usage snapshot[/]
[dim]  Tip: run `/limits` right after Codex replies for freshest numbers.[/]
  Real usage data is not available yet.
[dim]  Send a message to Codex, then run /limits again.[/]
